
 RUN  v4.1.5 /home/mehru/Music/VoteIQ/VoteIQ

 ❯ tests/api.test.ts (7 tests | 2 failed) 151ms
       ✓ returns 400 if message is missing 50ms
       ✓ returns a valid response from Gemini 14ms
       ✓ returns a fallback on API error 9ms
       × returns 400 if fields are missing 29ms
       × processes vote in mock mode 16ms
       ✓ returns 400 if fields are missing 12ms
       ✓ returns original text if targetLanguage is en 6ms
 ❯ tests/auth.test.ts (5 tests | 1 failed) 133ms
     × should initialize with loading state 84ms
     ✓ should handle anonymous login 11ms
     ✓ should handle Google login and assign staff role 10ms
     ✓ should handle logout 9ms
     ✓ should update user state when auth state changes 12ms
 ❯ tests/edge.test.ts (1 test | 1 failed) 66ms
     × throws 400 when voter ID already exists (Strict 1-Vote Lockout) 59ms
 ✓ tests/gemini-delay.test.ts (1 test) 4092ms
     ✓ handles simulated network timeouts gracefully  4078ms
 ✓ tests/hardened.test.tsx (4 tests) 2896ms
     ✓ Interactive EVM Simulator should have no detectable A11y violations  1825ms
     ✓ should have a logical tab order for the verification form  761ms
 ✓ tests/a11y.test.tsx (1 test) 1199ms
     ✓ MockEVM should have no WCAG violations  1194ms
 ✓ tests/mock-evm.test.tsx (4 tests) 1453ms
     ✓ renders the initial verification step  320ms
     ✓ navigates to voting step when valid ID is entered  847ms
 ✓ tests/zenith-hardened.test.tsx (3 tests) 410ms
     ✓ should remain stable under massive randomized payload fuzzing  361ms
 ✓ tests/i18n.test.tsx (1 test) 114ms
 ✓ tests/paranoia/domain.test.ts (5 tests) 108ms
 ✓ tests/paranoia/architecture.test.ts (5 tests) 67ms
 ✓ tests/paranoia/security.test.ts (2 tests) 50ms
 ✓ tests/security/offensive.test.ts (3 tests) 37ms
 ✓ tests/security/network.test.ts (3 tests) 35ms
 ✓ tests/security/a11y.test.tsx (1 test) 27ms

 Test Files  3 failed | 12 passed (15)
      Tests  4 failed | 42 passed (46)
   Start at  17:05:16
   Duration  127.52s (transform 2.44s, setup 6.62s, import 15.70s, tests 10.84s, environment 71.93s)

